<html>
<body>
<pre>
<h1>礦ision Build Log</h1>
<h2>Tool Versions:</h2>
IDE-Version: μVision V5.24.2.0
Copyright (C) 2017 ARM Ltd and ARM Germany GmbH. All rights reserved.
License Information: Kevin Jin, SZCU, LIC=3UURY-I5UZ2-17ARR-K11ME-ZRP71-HKXPZ
 
Tool Versions:
Toolchain:       MDK-ARM Professional  Version: 5.24.1
Toolchain Path:  E:\RuanJian\Keil5\MDK\ARM\ARMCC\Bin
C Compiler:      Armcc.exe V5.06 update 5 (build 528)
Assembler:       Armasm.exe V5.06 update 5 (build 528)
Linker/Locator:  ArmLink.exe V5.06 update 5 (build 528)
Library Manager: ArmAr.exe V5.06 update 5 (build 528)
Hex Converter:   FromElf.exe V5.06 update 5 (build 528)
CPU DLL:         SARMCM3.DLL V5.24.1
Dialog DLL:      DCM.DLL V1.16.0.0
Target DLL:      CMSIS_AGDI.dll V1.28.3.0
Dialog DLL:      TCM.DLL V1.32.0.0
 
<h2>Project:</h2>
D:\机器人大赛\小车\Robo\MDK-ARM\Robo.uvprojx
Project File Date:  08/06/2026

<h2>Output:</h2>
*** Using Compiler 'V5.06 update 5 (build 528)', folder: 'E:\RuanJian\Keil5\MDK\ARM\ARMCC\Bin'
Build target 'Robo'
assembling startup_stm32f407xx.s...
compiling i2c.c...
compiling stm32f4xx_hal_timebase_tim.c...
compiling dma.c...
compiling freertos.c...
compiling stm32f4xx_hal_msp.c...
compiling gpio.c...
compiling adc.c...
compiling stm32f4xx_hal_adc_ex.c...
compiling stm32f4xx_it.c...
compiling stm32f4xx_hal_adc.c...
compiling usart.c...
compiling spi.c...
compiling stm32f4xx_hal_tim_ex.c...
compiling main.c...
compiling tim.c...
compiling stm32f4xx_hal_tim.c...
compiling stm32f4xx_hal_gpio.c...
compiling stm32f4xx_hal_flash_ex.c...
compiling stm32f4xx_hal_i2c_ex.c...
compiling stm32f4xx_hal.c...
compiling stm32f4xx_hal_flash_ramfunc.c...
compiling stm32f4xx_hal_cortex.c...
compiling stm32f4xx_hal_pwr.c...
compiling stm32f4xx_hal_pwr_ex.c...
compiling stm32f4xx_hal_exti.c...
compiling stm32f4xx_hal_flash.c...
compiling stm32f4xx_hal_dma.c...
compiling croutine.c...
compiling stm32f4xx_hal_dma_ex.c...
compiling list.c...
compiling event_groups.c...
compiling stm32f4xx_hal_rcc_ex.c...
compiling stm32f4xx_hal_spi.c...
compiling stream_buffer.c...
compiling timers.c...
compiling queue.c...
compiling heap_4.c...
compiling stm32f4xx_hal_rcc.c...
compiling tasks.c...
compiling stm32f4xx_hal_i2c.c...
compiling port.c...
compiling OLED_Data.c...
compiling PID.c...
compiling system_stm32f4xx.c...
compiling Motor.c...
compiling KEY.c...
compiling Grayscale_ADC.c...
compiling Interrupt.c...
compiling Servo.c...
compiling LED.c...
compiling Control.c...
compiling Encoder.c...
compiling stm32f4xx_hal_uart.c...
compiling Flash.c...
compiling UART.c...
compiling User_Task.c...
compiling OLED.c...
compiling cmsis_os2.c...
compiling Set_And_Show.c...
linking...
Program Size: Code=43484 RO-data=21288 RW-data=240 ZI-data=23960  
FromELF: creating hex file...
"Robo\Robo.axf" - 0 Error(s), 0 Warning(s).

<h2>Software Packages used:</h2>

Package Vendor: ARM
                http://www.keil.com/pack/ARM.CMSIS.5.0.1.pack
                ARM.CMSIS.5.0.1
                CMSIS (Cortex Microcontroller Software Interface Standard)
   * Component: CORE Version: 5.0.1

<h2>Collection of Component include folders:</h2>
  .\RTE\_Robo
  E:\RuanJian\Keil5\MDK\ARM\PACK\ARM\CMSIS\5.0.1\CMSIS\Include

<h2>Collection of Component Files used:</h2>

   * Component: ARM::CMSIS:CORE:5.0.1
Build Time Elapsed:  00:00:27
</pre>
</body>
</html>
